PASS positive_rectangle_and_window
PASS same_area_bbox_perimeter_changed_shape
PASS window_translation_same_net_area
PASS all_closed_cyclic_starts
PASS all_closed_reverse_starts
PASS explicit_closing_vertex
PASS collinear_linear_midpoint
PASS bulges_reverse_preserves_arcs
PASS bulges_naive_reverse_changes_arcs
PASS bulges_are_not_discarded
PASS short_closing_arc_cannot_disappear
PASS hole_order_does_not_change_geometry
PASS loop_role_is_part_of_identity
PASS whole_snapshot_translation_is_changed
PASS numerical_tolerance_does_not_use_exact_hash
PASS movement_above_tolerance_is_changed
PASS merged_parts_and_holes_reorder
PASS merged_second_part_cannot_be_omitted
PASS merged_second_hole_cannot_be_omitted
PASS merged_second_part_move_is_changed
PASS merged_duplicate_part_is_not_ignored
PASS open_path_reversal_is_significant
PASS nonfinite_coordinate_nan_rejected
PASS nonfinite_coordinate_infinity_rejected
PASS nonfinite_bulge_rejected
PASS unsupported_point_dimension_rejected
PASS malformed_point_dimension_rejected
PASS bulge_count_mismatch_rejected
PASS missing_loop_role_rejected
Geometry fingerprint checks: 29/29 passed; AutoCAD runtime: NOT RUN
