РОЛИ: ролей 18, фасадов 168, время 14.1 с
  [RESULT] safe_refusal/E_CALC_NOT_PASSED: 36
  [RESULT] safe_refusal/E_UNSUPPORTED_SHINA: 16
  [RESULT] successful_frame_results: 152
  керамогранит по умолчанию                                      OK
  керамогранит: отметки перекрытий и углы по краям               OK
  керамогранит: межэтажная вручную 700/500                       OK
  керамогранит: ортогональная, только подсистема                 OK
  керамогранит: только кляммеры по готовой подсистеме            OK
  клинкер: вертикальная по расчёту, углы, угловой шаг 400, марка OK
  бетон: межэтажная по отметкам                                  OK
  клинкер: межэтажная, окна с узкими простенками (уже шага)      OK
  бетон: межэтажная без отметок (шаг этажа 3000)                 OK
  клинкер: ортогональная вручную 600/400, хлыст 3 м              OK
  клинкер без раскладки ATTILE (ряды шагом 88)                   OK
  керамогранит без раскладки: оси шагом 608, швы 605             OK
  переделщик: керамогранит → клинкер → бетон → снова клинкер     OK
  сметчик: витражи, двери, парапет; керамогранит                 OK
  невнимательный: шаг направляющих 50                            OK
  невнимательный: плитка без раскладки и без шага рядов          OK
  невнимательный: межэтажная без отметок и без шага этажа        OK
  невнимательный: расчёт с высотой здания 0                      OK
  [INFO] безопасный отказ: бетон: межэтажная без отметок (шаг этажа 3000) / E_CALC_NOT_PASSED: 12
  [INFO] безопасный отказ: бетон: межэтажная по отметкам / E_CALC_NOT_PASSED: 12
  [INFO] безопасный отказ: клинкер без раскладки ATTILE (ряды шагом 88) / E_UNSUPPORTED_SHINA: 2
  [INFO] безопасный отказ: клинкер: вертикальная по расчёту, углы, угловой шаг 400, марка / E_UNSUPPORTED_SHINA: 3
  [INFO] безопасный отказ: клинкер: межэтажная, окна с узкими простенками (уже шага) / E_CALC_NOT_PASSED: 12
  [INFO] безопасный отказ: клинкер: ортогональная вручную 600/400, хлыст 3 м / E_UNSUPPORTED_SHINA: 2
  [INFO] безопасный отказ: переделщик: керамогранит → клинкер → бетон → снова клинкер / E_UNSUPPORTED_SHINA: 9
  самые долгие: бетон: межэтажная без от/gable-5 0.65с, клинкер: ортогональная в/gable-5 0.55с, клинкер: ортогональная в/gable-6 0.48с
