{
  "passed": 37,
  "failed": 0,
  "summary": {
    "vertical": {
      "system": "Standart",
      "sub_type": "vertical",
      "rails": 18,
      "rails_lm": 53.91,
      "hrails": 0,
      "hrails_lm": 0.0,
      "fittings": 0,
      "rail_stock_est": 9,
      "brackets_main": 9,
      "brackets_row": 63,
      "clamps_start": 0,
      "clamps_row": 0,
      "clamps_side": 0,
      "clamps_combo": 0,
      "parts": "frame",
      "cladding": "composite"
    },
    "interfloor": {
      "system": "Межэтажная",
      "sub_type": "interfloor",
      "rails": 14,
      "rails_lm": 41.93,
      "hrails": 1,
      "hrails_lm": 6.0,
      "fittings": 7,
      "rail_stock_est": 7,
      "brackets_main": 9,
      "brackets_row": 0,
      "clamps_start": 0,
      "clamps_row": 0,
      "clamps_side": 0,
      "clamps_combo": 0,
      "parts": "frame",
      "cladding": "composite"
    },
    "ortho": {
      "system": "Ортогональная",
      "sub_type": "ortho",
      "rails": 18,
      "rails_lm": 53.91,
      "hrails": 10,
      "hrails_lm": 60.0,
      "fittings": 0,
      "rail_stock_est": 9,
      "brackets_main": 0,
      "brackets_row": 90,
      "clamps_start": 0,
      "clamps_row": 0,
      "clamps_side": 0,
      "clamps_combo": 0,
      "parts": "frame",
      "cladding": "composite"
    },
    "zero_gap": {
      "system": "Standart",
      "sub_type": "vertical",
      "rails": 18,
      "rails_lm": 54.0,
      "hrails": 0,
      "hrails_lm": 0.0,
      "fittings": 0,
      "rail_stock_est": 9,
      "brackets_main": 9,
      "brackets_row": 63,
      "clamps_start": 0,
      "clamps_row": 0,
      "clamps_side": 0,
      "clamps_combo": 0,
      "parts": "frame",
      "cladding": "composite"
    },
    "all": "E_COMPOSITE_FASTENERS_UNSUPPORTED",
    "clamps": "E_COMPOSITE_FASTENERS_UNSUPPORTED"
  }
}
