PASS attile_quantity_roundtrip_hatch_and_mark
PASS atclad_quantity_roundtrip_hatch_and_mark
PASS merged_zone_all_parts_current
PASS carrier_selection_deduplicated
PASS deleted_physical_piece_refused
PASS moved_physical_piece_refused
PASS changed_same_area_piece_refused
PASS moved_source_window_same_area_refused
PASS deleted_source_refused
PASS copied_carrier_metadata_retaining_old_pointers_refused
PASS layout_label_tamper_refused
PASS previous_layout_generation_refused
PASS old_layout_without_quantity_passport_refused
PASS old_zone_without_geometry_passport_refused
PASS missing_canonical_hatch_refused
PASS piece_selection_returns_explicit_whole_zone_scope
PASS selected_manual_object_explicitly_excluded
PASS old_frame_metadata_not_counted_as_cladding
PASS table_with_copied_metadata_never_candidate
PASS unselected_copied_piece_detected_by_modelspace_scan
PASS piece_stamp_tamper_refused
PASS multiple_graphics_one_physical_element
PASS deleted_auxiliary_hatch_refused
PASS layer_color_change_refused
PASS piece_changed_between_capture_and_store_refused
PASS unsupported_sample_entity_capture_refused
PASS static_block_roundtrip_and_definition_change
PASS block_attribute_change_refused
PASS block_scale_change_refused
PASS block_dynamic_property_change_refused
PASS whole_merged_group_deduplicates_shared_piece
PASS partial_merged_group_selection_refused_without_stale_rows
PASS unselected_merged_group_source_change_refused
PASS partial_independent_zone_quantities_allowed_joint_cutting_refused
PASS raw_contour_layout_roundtrip_and_same_area_move_refused
PASS foreign_database_selection_refused
PASS explicit_known_empty_run_stored_and_read_as_zero
PASS selected_known_empty_zone_of_mixed_run_is_zero
PASS null_element_list_is_missing_data_not_known_zero
PASS payload_boundary_exactly_256_mib_accepted_without_allocation
PASS payload_boundary_one_byte_over_256_mib_refused_without_allocation
PASS malformed_selected_piece_stamp_has_actionable_russian_refusal
PASS malformed_unselected_stamp_scan_refuses_unknown_run_with_russian_reason
PASS frame_and_cladding_passports_coexist_without_axis_stamp_overwrite
PASS frame_read_reuses_ready_rows_and_stable_selection_fingerprint
PASS frame_deleted_element_refused_cladding_still_current
PASS frame_changed_length_refused_after_prior_successful_read
PASS frame_copied_element_detected_without_affecting_cladding
PASS frame_same_area_source_window_move_refused_after_read
PASS frame_hatch_style_mutation_refused
PASS frame_hatch_associativity_mutation_refused
PASS frame_hatch_associated_source_pointer_mutation_refused
PASS frame_cladding_axes_metadata_change_refused
PASS frame_source_changed_between_capture_and_store_refused
PASS frame_incomplete_legacy_clamps_marker_blocks_frame_only
PASS frame_owner_label_tamper_refused
PASS frame_copied_owner_stamp_refused
PASS frame_known_zero_result_preserved
PASS frame_source_capture_rejects_legacy_zone_without_geometry
PASS all_piece_selection_matches_owner_scope_counts_and_fingerprint
PASS conflicting_selected_piece_digest_refused
PASS frame_retained_rail_plus_new_clamp_is_one_complete_generation
PASS actual_published_schema1_xrecords_remain_readable
Quantity store: 63/63
Quantity store: PASS report: /workspace/scratch/ba306982747c/solution_ui_screen_validation/gates/quantities_store/manifest.json
