РОЛИ: ролей 18, фасадов 168, время 12.0 с
  керамогранит по умолчанию                                      OK
  керамогранит: отметки перекрытий и углы по краям               OK
  керамогранит: межэтажная вручную 700/500                       OK
  керамогранит: ортогональная, только подсистема                 OK
  керамогранит: только кляммеры по готовой подсистеме            OK
  клинкер: вертикальная по расчёту, углы, угловой шаг 400, марка OK
  бетон: межэтажная по отметкам                                  OK
  клинкер: межэтажная, окна с узкими простенками (уже шага)      OK
  бетон: межэтажная без отметок (шаг этажа 3000)                 OK
  клинкер: ортогональная вручную 600/400, хлыст 3 м              OK
  клинкер без раскладки ATTILE (ряды шагом 88)                   OK
  керамогранит без раскладки: оси шагом 608, швы 605             OK
  переделщик: керамогранит → клинкер → бетон → снова клинкер     OK
  сметчик: витражи, двери, парапет; керамогранит                 OK
  невнимательный: шаг направляющих 50                            OK
  невнимательный: плитка без раскладки и без шага рядов          OK
  невнимательный: межэтажная без отметок и без шага этажа        OK
  невнимательный: расчёт с высотой здания 0                      OK
  [INFO] шины без направляющей под ними (кусков), interfloor: 50
  [INFO] шины без направляющей под ними (кусков), ortho: 6
  [INFO] шины без направляющей под ними (кусков), vertical: 48
  самые долгие: переделщик: керамогранит/rect-1 0.38с, переделщик: керамогранит/U-6 0.32с, переделщик: керамогранит/L-0 0.32с
