test_arc_end_matches_p2 (test_facade_zones.TestBulge.test_arc_end_matches_p2) ... ok
test_arc_points_on_radius (test_facade_zones.TestBulge.test_arc_points_on_radius) ... ok
test_arched_window_deduction (test_facade_zones.TestBulge.test_arched_window_deduction) ... ok
test_arched_zone_area_perimeter (test_facade_zones.TestBulge.test_arched_zone_area_perimeter) ... ok
test_bulge_sign_consistency_negative (test_facade_zones.TestBulge.test_bulge_sign_consistency_negative) ... ok
test_reverse_preserves_geometry (test_facade_zones.TestBulge.test_reverse_preserves_geometry) ... ok
test_semicircle_area_analytic_vs_polygonized (test_facade_zones.TestBulge.test_semicircle_area_analytic_vs_polygonized) ... ok
test_bad_bulges_len (test_facade_zones.TestFormatErrors.test_bad_bulges_len) ... ok
test_bad_schema (test_facade_zones.TestFormatErrors.test_bad_schema) ... ok
test_bad_system (test_facade_zones.TestFormatErrors.test_bad_system) ... ok
test_bad_units (test_facade_zones.TestFormatErrors.test_bad_units) ... ok
test_dup_opening_id (test_facade_zones.TestFormatErrors.test_dup_opening_id) ... ok
test_no_id (test_facade_zones.TestFormatErrors.test_no_id) ... ok
test_too_few_points (test_facade_zones.TestFormatErrors.test_too_few_points) ... ok
test_adjacent_zones_sharing_edge_are_fine (test_facade_zones.TestIndependentReview2409.test_adjacent_zones_sharing_edge_are_fine) ... ok
test_aligned_overlap_of_outers_is_error (test_facade_zones.TestIndependentReview2409.test_aligned_overlap_of_outers_is_error) ... ok
test_duplicate_openings_counted_once (test_facade_zones.TestIndependentReview2409.test_duplicate_openings_counted_once) ... ok
test_duplicate_outer_counted_once (test_facade_zones.TestIndependentReview2409.test_duplicate_outer_counted_once) ... ok
test_far_coordinates_keep_precision (test_facade_zones.TestIndependentReview2409.test_far_coordinates_keep_precision) ... ok
test_label_anchor_units_consistent (test_facade_zones.TestIndependentReview2409.test_label_anchor_units_consistent) ... ok
test_nan_rejected (test_facade_zones.TestIndependentReview2409.test_nan_rejected) ... ok
test_opening_in_external_notch_is_not_subtracted (test_facade_zones.TestIndependentReview2409.test_opening_in_external_notch_is_not_subtracted) ... ok
test_overlapping_openings_in_zone_json_is_error (test_facade_zones.TestIndependentReview2409.test_overlapping_openings_in_zone_json_is_error) ... ok
test_partial_boundary_side_is_jamb (test_facade_zones.TestIndependentReview2409.test_partial_boundary_side_is_jamb) ... ok
test_real_opening_in_u_wall_still_subtracted (test_facade_zones.TestIndependentReview2409.test_real_opening_in_u_wall_still_subtracted) ... ok
test_side_fully_on_boundary_is_jamb (test_facade_zones.TestIndependentReview2409.test_side_fully_on_boundary_is_jamb) ... ok
test_top_and_bottom_on_boundary_counted (test_facade_zones.TestIndependentReview2409.test_top_and_bottom_on_boundary_counted) ... ok
test_example_file (test_facade_zones.TestListAndExample.test_example_file) ... ok
test_load_zones_list (test_facade_zones.TestListAndExample.test_load_zones_list) ... ok
test_report_json_roundtrip (test_facade_zones.TestListAndExample.test_report_json_roundtrip) ... ok
test_door_touching_bottom_edge_valid (test_facade_zones.TestOpenings.test_door_touching_bottom_edge_valid) ... ok
test_opening_fully_outside (test_facade_zones.TestOpenings.test_opening_fully_outside) ... ok
test_opening_partially_outside (test_facade_zones.TestOpenings.test_opening_partially_outside) ... ok
test_opening_self_intersect (test_facade_zones.TestOpenings.test_opening_self_intersect) ... ok
test_openings_nested (test_facade_zones.TestOpenings.test_openings_nested) ... ok
test_openings_overlap (test_facade_zones.TestOpenings.test_openings_overlap) ... ok
test_openings_side_by_side_touch_ok (test_facade_zones.TestOpenings.test_openings_side_by_side_touch_ok) ... ok
test_tiny_opening_warns (test_facade_zones.TestOpenings.test_tiny_opening_warns) ... ok
test_window_deduction (test_facade_zones.TestOpenings.test_window_deduction) ... ok
test_report_raises_on_errors (test_facade_zones.TestOuterDefects.test_report_raises_on_errors) ... ok
test_self_intersect_bowtie (test_facade_zones.TestOuterDefects.test_self_intersect_bowtie) ... ok
test_zero_area (test_facade_zones.TestOuterDefects.test_zero_area) ... ok
test_autoclose_small_gap (test_facade_zones.TestRectBasics.test_autoclose_small_gap) ... ok
test_cw_input_normalized (test_facade_zones.TestRectBasics.test_cw_input_normalized) ... ok
test_dup_points_cleaned (test_facade_zones.TestRectBasics.test_dup_points_cleaned) ... ok
test_explicit_closing_point_dropped (test_facade_zones.TestRectBasics.test_explicit_closing_point_dropped) ... ok
test_plain_rect_area_perimeter (test_facade_zones.TestRectBasics.test_plain_rect_area_perimeter) ... ok
test_units_m (test_facade_zones.TestRectBasics.test_units_m) ... ok
test_adjacent_walls_touching_are_fine (test_facade_zones.TestReview2309.test_adjacent_walls_touching_are_fine) ... ok
test_opening_crossing_wall_edge_is_error_not_zone (test_facade_zones.TestReview2309.test_opening_crossing_wall_edge_is_error_not_zone) ... ok
test_round_window_edges_do_not_depend_on_position (test_facade_zones.TestReview2309.test_round_window_edges_do_not_depend_on_position) ... ok
test_zone_in_metres_equals_millimetres (test_facade_zones.TestReview2309.test_zone_in_metres_equals_millimetres) ... ok
test_bad_contour_skipped (test_facades_engine.TestBuildZones.test_bad_contour_skipped) ... ok
test_bbox_in_meta_and_engine (test_facades_engine.TestBuildZones.test_bbox_in_meta_and_engine) ... ok
test_grouping (test_facades_engine.TestBuildZones.test_grouping) ... ok
test_nested_too_deep (test_facades_engine.TestBuildZones.test_nested_too_deep) ... ok
test_numbering_bottom_up_right_to_left (test_facades_engine.TestBuildZones.test_numbering_bottom_up_right_to_left) ... ok
test_numbering_stack_bottom_up (test_facades_engine.TestBuildZones.test_numbering_stack_bottom_up) ... ok
test_tail_autoclose (test_facades_engine.TestBuildZones.test_tail_autoclose) ... ok
test_bad_op_and_empty (test_facades_engine.TestEngineRun.test_bad_op_and_empty) ... ok
test_cli_broken_input_writes_out (test_facades_engine.TestEngineRun.test_cli_broken_input_writes_out) ... ok
test_cli_files (test_facades_engine.TestEngineRun.test_cli_files) ... ok
test_dims_rect_plain_no_bottom (test_facades_engine.TestEngineRun.test_dims_rect_plain_no_bottom) ... ok
test_dims_rect_with_door (test_facades_engine.TestEngineRun.test_dims_rect_with_door) ... ok
test_merge_mode (test_facades_engine.TestEngineRun.test_merge_mode) ... ok
test_run_failed_zone (test_facades_engine.TestEngineRun.test_run_failed_zone) ... ok
test_run_ok (test_facades_engine.TestEngineRun.test_run_ok) ... ok
test_l_shape_cutout_top_right (test_facades_engine.TestLabelAnchor.test_l_shape_cutout_top_right) ... ok
test_merged_zone_label (test_facades_engine.TestLabelAnchor.test_merged_zone_label) ... ok
test_rect (test_facades_engine.TestLabelAnchor.test_rect) ... ok
test_arched_window_edges (test_facades_engine.TestOpeningEdges.test_arched_window_edges) ... ok
test_door_on_zone_bottom_no_sill (test_facades_engine.TestOpeningEdges.test_door_on_zone_bottom_no_sill) ... ok
test_sum_edges_equals_perimeter (test_facades_engine.TestOpeningEdges.test_sum_edges_equals_perimeter) ... ok
test_window_edges (test_facades_engine.TestOpeningEdges.test_window_edges) ... ok
test_arched_window_lines_equal_report (test_facades_engine.TestOpeningKinds.test_arched_window_lines_equal_report) ... ok
test_default_kind_is_window_and_unknown_kind (test_facades_engine.TestOpeningKinds.test_default_kind_is_window_and_unknown_kind) ... ok
test_kind_on_outer_contour_warns (test_facades_engine.TestOpeningKinds.test_kind_on_outer_contour_warns) ... ok
test_lines_geometry (test_facades_engine.TestOpeningKinds.test_lines_geometry) ... ok
test_merged_zone_sums_and_lines (test_facades_engine.TestOpeningKinds.test_merged_zone_sums_and_lines) ... ok
test_parapet_lines_and_open_polyline (test_facades_engine.TestOpeningKinds.test_parapet_lines_and_open_polyline) ... ok
test_parapet_sloped_and_arched_top (test_facades_engine.TestOpeningKinds.test_parapet_sloped_and_arched_top) ... ok
test_parapet_stepped_top (test_facades_engine.TestOpeningKinds.test_parapet_stepped_top) ... ok
test_parapets (test_facades_engine.TestOpeningKinds.test_parapets) ... ok
test_slope_line_joins_across_start_vertex (test_facades_engine.TestOpeningKinds.test_slope_line_joins_across_start_vertex) ... ok
test_sums_by_kind (test_facades_engine.TestOpeningKinds.test_sums_by_kind) ... ok

----------------------------------------------------------------------
Ran 85 tests in 0.137s

OK
