вставок: 6217, полилиний ModelSpace: 37

ДОСТОВЕРНО НАШИ (блоки AFRAME_*): 122 — {'AFRAME_ВСТАВКА': 45, 'AFRAME_СКОБА': 77}
кляммеров на слое _01_ПС_КЛЯММЕРЫ: 0

=== РЯДОВАЯ (sub_type=vertical, Вектор-1) ===
  зона (-3213, 24070)-(10907, 39336); проёмов=16; осей стоек=39
  [ФАКТ] X кронштейнов ⊆ X направляющих: 39 из 39
  [ФАКТ] шаги осей стоек: [(452, 16), (96, 8), (520, 2), (330, 2)]
  [ФАКТ] цепочка кронштейнов длинной колонки: [24370.3, 25170.3, 25970.3, 26770.3, 27380.3, 28180.3, 28980.3, 29780.3, 30390.3, 31190.3, 31990.3, 32790.3, 33400.3, 34200.3, 35000.3, 35800.3, 36410.3, 37210.3, 38010.3, 38810.3, 39270.3]
  [ФАКТ] её шаги: [(800, 15), (610, 4), (460, 1)]
  кронштейны       наше=628   его=611    Δ=  +2.8%   
  направляющие     наше=260   его=315    Δ= -17.5%   
  кляммеры         наше=838   его=791    Δ=  +5.9%   
  позиций кронштейнов совпало: 133
  наша цепочка (X=10026.7): [24370.3, 24770.3, 25170.3, 25337.0, 25903.7, 25970.3, 26470.3, 26770.3, 27380.3, 27770.3, 28180.3, 28337.0]

=== ОРТОГОНАЛЬНАЯ (sub_type=ortho) ===
  зона (47621, 24070)-(61841, 39423); проёмов=20
  [ФАКТ] Y-уровни кронштейнов: старт 24370.3 (= низ+300), шаги [(600, 20), (50, 5), (550, 5)]
  [ФАКТ] колонок ровно в 100 мм от грани проёма: 55
  [ФАКТ] шаги колонок: [(786, 5), (200, 3), (450, 2), (180, 1), (270, 1)]
  кронштейны       наше=430   его=457    Δ=  -5.9%   
  направляющие     наше=180   его=347    Δ= -48.1%   
  кляммеры         наше=626   его=737    Δ= -15.1%   
  наши Y-уровни: старт 24370.3, шаги [(600, 25)]
  колонок: наше=22 его=35, совпало X=3
  ЕГО типы кляммеров: [('угловой!КЛУ-1.1-н', 309), ('рядовой!КЛР-1-н (без д)', 253), ('стартовый!КЛС-1-н', 114), ('комбинир.КЛР-1.2-Н', 61)]
  НАШИ типы кляммеров: [('рядовой', 274), ('боковой', 226), ('стартовый', 86), ('комбинированный', 40)]
