=== Кляммеры по участкам ===
 RYAD 791 {'стартовый': 149, 'рядовой': 132, 'угловой': 478, 'комбинир.КЛР-1.2-Н': 32}
 MEZH 737 {'стартовый': 114, 'угловой': 309, 'рядовой': 253, 'комбинир.КЛР-1.2-Н': 61}
 ORTO 737 {'стартовый': 114, 'угловой': 309, 'рядовой': 253, 'комбинир.КЛР-1.2-Н': 61}

=== ОРТО: КЛУ 309 = столбики rot=270 202 + подоконные 80 + верхняя кромка 27 ===
 столбики (X: n):
   X=47725.9 n=21  край зоны
   X=48746.0 n=20  лев. грань проёмов 48750.6
   X=50592.5 n=20  прав. грань проёмов 50550.6
   X=51786.0 n=20  лев. грань проёмов 51790.6
   X=53632.5 n=20  прав. грань проёмов 53590.6
   X=55296.0 n=20  лев. грань проёмов 55300.6
   X=57142.5 n=20  прав. грань проёмов 57100.6
   X=58956.0 n=20  лев. грань проёмов 58960.6
   X=60802.5 n=20  прав. грань проёмов 60760.6
   X=61752.8 n=21  край зоны
 подоконные Y-уровни: [24476.1, 27476.1, 30476.1, 33476.1, 36476.1]
 верхняя кромка: 27 позиций на Y=[39411.9, 39424.7]

=== РЯДОВАЯ: типы кляммеров по осям направляющих ===
 ОКОННАЯ-Л        {'КЛС/0': 27, 'КЛР/0': 16, 'КЛУ/270': 84}
 ОКОННАЯ-П        {'КЛУ/270': 84}
 ШОВ(руст)        {'КЛУ/0': 76, 'КОМБ/0': 32, 'КЛС/0': 61, 'КЛР/0': 116}
 поле плиты/край  {'КЛС/0': 61, 'КЛУ/270': 227, 'КЛУ/0': 7}

=== РЯДОВАЯ: низы кусков направляющих (В-ад) ===
 поле (X=7196.7): низы кусков [24070.3, 27080.3, 30090.3, 33100.3, 36110.3, 39120.3] — хлысты 3000, зазор 10, от низа зоны
 в створе окна (X=-1635.3): низы кусков [24070.3, 26720.3, 29720.3, 32720.3, 35720.3, 38720.3] — куски между проёмами (от верха проёма)
 оконная (X=-2183.3): низы кусков [24470.3, 27470.3, 30470.3, 33470.3, 36470.3] — стыки на «низ проёма − 50», сквозная
 цепочка кронштейнов длинной колонки: [24370.3, 25170.3, 25970.3, 26770.3, 27380.3, 28180.3, 28980.3, 29780.3, 30390.3, 31190.3, 31990.3, 32790.3, 33400.3, 34200.3, 35000.3, 35800.3, 36410.3, 37210.3, 38010.3, 38810.3, 39270.3]
   = на каждом хлысте (низ+300, шаг ≤800, верх−300); через стык 610 = 300+10+300
