test_calculation_covers_longest_given_floor_span (__main__.FrameContractRegressions.test_calculation_covers_longest_given_floor_span) ... FAIL
test_empty_local_rows_do_not_inherit_other_zone_rows (__main__.FrameContractRegressions.test_empty_local_rows_do_not_inherit_other_zone_rows) ... FAIL
test_generated_short_rails_survive_native_clamp_readback (__main__.FrameContractRegressions.test_generated_short_rails_survive_native_clamp_readback) ... FAIL
test_shina_has_at_least_one_vertical_support (__main__.FrameContractRegressions.test_shina_has_at_least_one_vertical_support) ... FAIL
test_vertical_only_clamps_repeats_full_layout (__main__.FrameContractRegressions.test_vertical_only_clamps_repeats_full_layout) ... FAIL

======================================================================
FAIL: test_calculation_covers_longest_given_floor_span (__main__.FrameContractRegressions.test_calculation_covers_longest_given_floor_span)
----------------------------------------------------------------------
Traceback (most recent call last):
  File "<workspace>/AutoCAD/tools/review_3009/test_frame_regressions.py", line 126, in test_calculation_covers_longest_given_floor_span
    self.assertTrue(all(r["passed"] for r in recheck.values()),
AssertionError: False is not true : Engine approved 3000 mm, but emitted a 4000 mm floor span: {"row": {"zone": "row", "step": 500.0, "w_p": 76.2, "n_p": 32.4, "n_w": 172.5, "checks": [{"name": "анкер, кг", "value": 323.8, "limit": 306.1, "ok": false}, {"name": "кронштейн 1-1, кг/см²", "value": 1683.6, "limit": 2250.0, "ok": true}, {"name": "кронштейн 2-2, кг/см²", "value": 325.4, "limit": 2250.0, "ok": true}, {"name": "удлинитель, кг/см²", "value": 2698.9, "limit": 2250.0, "ok": false}, {"name": "профиль σ, кг/см²", "value": 2270.8, "limit": 2250.0, "ok": false}, {"name": "профиль f, мм", "value": 20.3, "limit": 26.7, "ok": true}, {"name": "заклёпки срез, кг", "value": 87.8, "limit": 253.1, "ok": true}, {"name": "заклёпки смятие, кг/см²", "value": 1741.1, "limit": 2650.0, "ok": true}], "passed": false}, "corner": {"zone": "corner", "step": 270.0, "w_p": 139.7, "n_p": 24.7, "n_w": 170.8, "checks": [{"name": "анкер, кг", "value": 306.6, "limit": 306.1, "ok": false}, {"name": "кронштейн 1-1, кг/см²", "value": 1628.3, "limit": 2250.0, "ok": true}, {"name": "кронштейн 2-2, кг/см²", "value": 322.2, "limit": 2250.0, "ok": true}, {"name": "удлинитель, кг/см²", "value": 2649.1, "limit": 2250.0, "ok": false}, {"name": "профиль σ, кг/см²", "value": 3114.3, "limit": 2250.0, "ok": false}, {"name": "профиль f, мм", "value": 27.9, "limit": 26.7, "ok": false}, {"name": "заклёпки срез, кг", "value": 86.3, "limit": 253.1, "ok": true}, {"name": "заклёпки смятие, кг/см²", "value": 1711.6, "limit": 2650.0, "ok": true}], "passed": false}}

======================================================================
FAIL: test_empty_local_rows_do_not_inherit_other_zone_rows (__main__.FrameContractRegressions.test_empty_local_rows_do_not_inherit_other_zone_rows)
----------------------------------------------------------------------
Traceback (most recent call last):
  File "<workspace>/AutoCAD/tools/review_3009/test_frame_regressions.py", line 120, in test_empty_local_rows_do_not_inherit_other_zone_rows
    self.assertEqual(clamp_set(alone), clamp_set(actual_a),
AssertionError: Items in the second set but not the first:
(300.0, 1000.0, 'боковой', 'h')
(1500.0, 1000.0, 'боковой', 'h')
(900.0, 600.0, 'рядовой', '')
(1500.0, 0.0, 'стартовый', '')
(1500.0, 600.0, 'рядовой', '')
(300.0, 0.0, 'стартовый', '')
(900.0, 1000.0, 'боковой', 'h')
(300.0, 600.0, 'рядовой', '')
(900.0, 0.0, 'стартовый', '') : Selecting a neighboring zone must not change A's clamps

======================================================================
FAIL: test_generated_short_rails_survive_native_clamp_readback (__main__.FrameContractRegressions.test_generated_short_rails_survive_native_clamp_readback)
----------------------------------------------------------------------
Traceback (most recent call last):
  File "<workspace>/AutoCAD/tools/review_3009/test_frame_regressions.py", line 132, in test_generated_short_rails_survive_native_clamp_readback
    self.assertEqual(clamp_set(full), clamp_set(again),
AssertionError: Items in the first set but not the second:
(1500.0, 3150.0, 'боковой', 'h')
(900.0, 3020.0, 'комбинированный', '')
(1500.0, 3020.0, 'комбинированный', '')
(900.0, 3150.0, 'боковой', 'h')
(300.0, 3020.0, 'комбинированный', '')
(300.0, 3150.0, 'боковой', 'h') : Native RailGeom kept 3 of 6 generated rails

======================================================================
FAIL: test_shina_has_at_least_one_vertical_support (__main__.FrameContractRegressions.test_shina_has_at_least_one_vertical_support)
----------------------------------------------------------------------
Traceback (most recent call last):
  File "<workspace>/AutoCAD/tools/review_3009/test_frame_regressions.py", line 147, in test_shina_has_at_least_one_vertical_support
    self.assertFalse(unsupported,
AssertionError: [{'y': 5900.0, 'x0': 2320.0, 'x1': 2480.0, 'len': 160.0, 'kind': 'шина рядовая', 'run': 2, 'profile': 'шина рядовая', 'zone': 'контур gable'}] is not false : A warning/INFO does not supply a physical connection: [{"y": 5900.0, "x0": 2320.0, "x1": 2480.0, "len": 160.0, "kind": "шина рядовая", "run": 2, "profile": "шина рядовая", "zone": "контур gable"}]

======================================================================
FAIL: test_vertical_only_clamps_repeats_full_layout (__main__.FrameContractRegressions.test_vertical_only_clamps_repeats_full_layout)
----------------------------------------------------------------------
Traceback (most recent call last):
  File "<workspace>/AutoCAD/tools/review_3009/test_frame_regressions.py", line 138, in test_vertical_only_clamps_repeats_full_layout
    self.assertEqual(clamp_set(full), clamp_set(again),
AssertionError: Items in the first set but not the second:
(40.0, 2440.0, 'боковой', 'v')
(1640.0, 2440.0, 'боковой', 'v')
Items in the second set but not the first:
(40.0, 2440.0, 'стартовый', '')
(1640.0, 3200.0, 'боковой', 'h')
(1640.0, 2440.0, 'стартовый', '')
(40.0, 3200.0, 'боковой', 'h') : The known mismatch is also present in vertical systems

----------------------------------------------------------------------
Ran 5 tests in 0.008s

FAILED (failures=5)
