PASS cassette_one_outline_twelve_hatches_two_attributes_is_one_physical_piece
PASS rotated_cassette_keeps_true_area_1.5707963267949
PASS rotated_cassette_keeps_true_area_0.448798950512828
PASS mirrored_nonuniform_cassette_uses_actual_transformed_face
PASS block_origin_is_applied_before_scale_rotation
PASS reading_dynamic_properties_performs_no_setter
PASS two_visible_boundaries_do_not_become_one_bbox_piece
PASS hidden_auxiliary_outline_does_not_replace_active_boundary
PASS nested_assembly_refused_boundary
PASS nested_assembly_refused_linear
PASS nested_assembly_refused_symbol
PASS explicit_dynamic_width_height_match_rotated_scaled_geometry
PASS wrong_dynamic_unit_cannot_confirm_linear_dimension
PASS nominal_dynamic_value_does_not_override_actual_shape
PASS missing_dimension_binding_is_not_guessed_by_largest_double
PASS unknown_attribute_remains_unknown_with_explicit_issue
PASS duplicate_attribute_tags_are_ambiguous
PASS duplicate_dynamic_property_names_are_ambiguous
PASS invalid_scale_refused_0
PASS invalid_scale_refused_NaN
PASS invalid_scale_refused_Infinity
PASS nonplanar_insert_refused
PASS thick_boundary_refused
PASS straight_world_line_exact_length
PASS zero_length_line_refused
PASS symbol_counts_one_without_invented_length_or_area
PASS raw_polygon_with_arc_refused
PASS raw_open_boundary_refused
PASS manual_cladding_roundtrip_owner_mark_piece_selection_equivalent
PASS manual_frame_line_and_symbol_are_independent_physical_roles
PASS reimport_preserves_identity_and_deduplicates_selected_handles
PASS same_geometry_two_objects_are_both_counted_with_duplicate_warning
PASS generated_and_manual_same_zone_add_counts_without_overriding
PASS manual_generated_same_geometry_warns_and_counts_both
PASS legacy_generated_layout_missing_passport_is_not_bypassed_by_import
PASS missing_generated_owner_passport_cannot_be_hidden_by_manual
PASS unregistered_selected_object_is_visible_and_not_silently_counted
PASS unknown_only_selection_has_no_fabricated_zero_bill
PASS copied_manual_stamp_is_not_counted_until_explicit_adoption
PASS detach_copied_binding_does_not_remove_original
PASS explicit_remove_selected_keeps_geometry_and_other_members
PASS remove_last_registered_piece_preserves_known_empty_zone
PASS preview_rule_is_frozen_from_original_form_instance
PASS altered_approved_rule_refuses_before_any_binding_write
PASS mutation_after_preview_refuses_shape
PASS mutation_after_preview_refuses_attribute
PASS mutation_after_preview_refuses_dynamic
PASS mutation_after_preview_refuses_units
PASS mutation_after_preview_refuses_visible
PASS mutation_after_preview_refuses_rotation
PASS mutation_after_preview_refuses_scale
PASS changing_rejected_selected_object_invalidates_whole_preview
PASS mixed_preview_only_persists_accepted_objects
PASS zero_accepted_import_refuses_without_writing_index
PASS changed_rule_id_content_requires_new_version
PASS stale_unselected_member_remains_refused_after_partial_reimport
PASS zone_geometry_change_invalidates_preview_and_saved_manual_scope
PASS registered_deleted_member_refuses_and_clear_repairs_remaining_bindings
PASS persisted_corruption_refused_binding_removed
PASS persisted_corruption_refused_binding_json
PASS persisted_corruption_refused_binding_ref
PASS persisted_corruption_refused_index_removed
PASS persisted_corruption_refused_anchor_removed
PASS persisted_corruption_refused_index_refs
PASS persisted_corruption_refused_rule_removed
PASS persisted_corruption_refused_rule_changed
PASS losing_index_and_anchor_does_not_hide_manual_orphans
PASS generated_marker_cannot_be_reclassified_manual_AFACADE_QUANTITY_OWNER
PASS generated_marker_cannot_be_reclassified_manual_AFACADE_QUANTITY_ELEMENT
PASS generated_marker_cannot_be_reclassified_manual_AFACADE_FRAME_QUANTITY_OWNER
PASS generated_marker_cannot_be_reclassified_manual_AFACADE_FRAME_QUANTITY_ELEMENT
PASS generated_marker_cannot_be_reclassified_manual_ATFZONE
PASS generated_marker_cannot_be_reclassified_manual_ATFZONE_GEOMETRY
PASS generated_marker_cannot_be_reclassified_manual_ATTILE
PASS generated_marker_cannot_be_reclassified_manual_ATCLAD
PASS generated_marker_cannot_be_reclassified_manual_ATFRAME
PASS generated_marker_cannot_be_reclassified_manual_ATFRAME_RAIL
PASS generated_marker_cannot_be_reclassified_manual_ATLAYOUT_CURRENT
PASS generated_marker_cannot_be_reclassified_manual_ATTILE_GEOMETRY
PASS generated_marker_cannot_be_reclassified_manual_ATCLAD_GEOMETRY
PASS loss_of_whole_manual_directory_and_anchor_cannot_hide_registered_items
PASS legacy_mark_only_generated_owner_manual_selection_refuses_precisely
PASS same_transaction_visible_definition_edit_invalidates_stored_snapshot
PASS erased_zone_selected_detach_repairs_only_requested_members
PASS erased_zone_and_missing_index_detach_is_selected_only
PASS current_generated_frame_and_manual_rail_share_canonical_hatch_scope
PASS manual_duplicates_across_batches_are_detected_without_erasure
PASS manual_duplicates_across_selected_zones_are_visible
PASS preview_cancellation_leaves_no_manual_state
PASS apply_cancellation_during_revalidation_preserves_existing_index
PASS unrelated_stale_generated_owner_does_not_expand_selected_manual_scope
PASS moving_assignment_to_another_zone_requires_explicit_detach
Manual CAD: 92/92
Manual CAD: PASS report: /workspace/scratch/ba306982747c/solution_ui_layout_validation/gates/manual_quantities_cad/manifest.json
