Facades_test_facade_zones: PASS
Facades_test_facades_engine: PASS
AClad_test_cladding_plan: PASS
AClad_test_clad_engine: PASS
AClad_test_tile_pattern: PASS
AClad_audit_clad: PASS
AFrame_test_frame_plan: PASS
AFrame_test_frame_calc: PASS
AFrame_test_frame_engine: PASS
AFrame_test_frame_rules: PASS
AFrame_test_frame_topology: PASS
AFrame_test_frame_topology_index: PASS
AFrame_test_frame_connections: PASS
AFrame_test_frame_solution_selection: PASS
AFrame_audit_frame: PASS
xmod: PASS
frame_quick: PASS
zones_quick: PASS
tile_quick: PASS
roles_quick: PASS
engine_contract: PASS
facade_regressions: PASS
atr_topology: PASS
atr_vector5: PASS
atr_architecture: PASS
atr_mass: PASS
static_model_gap: PASS
quantities_core: PASS
quantities_producer: PASS
quantities_table: PASS
quantities_store: PASS
frame_quantities_core: PASS
frame_quantities_core_perf: PASS
frame_quantities_producer: PASS
frame_quantities_table: PASS
frame_engine_perf: PASS
quantities_store_perf: PASS
quantities_store_encoding: PASS
manual_quantities_core: PASS
manual_quantities_core_perf: PASS
manual_quantities_cad: PASS
manual_quantities_cad_perf: PASS
manual_quantities_output: PASS
catalog_tutorial_examples: PASS
solution_settings_contract: PASS
catalog_connection_store: PASS
catalog_clamps_manual_boundary: PASS
catalog_connection_table: PASS
catalog_topology_performance: PASS
