test_clad_frontons: PASS
test_domain_review: PASS
test_frame_regressions: PASS
test_facades_engine_edges: PASS
test_supported_workflows: FAIL
test_calculated_schemes_produce_real_frames (__main__.SupportedFrames.test_calculated_schemes_produce_real_frames) ...
  test_calculated_schemes_produce_real_frames (__main__.SupportedFrames.test_calculated_schemes_produce_real_frames) (scheme='ortho') ... FAIL

======================================================================
FAIL: test_calculated_schemes_produce_real_frames (__main__.SupportedFrames.test_calculated_schemes_produce_real_frames) (scheme='ortho')
----------------------------------------------------------------------
Traceback (most recent call last):
  File "/workspace/scratch/fa0520c06af6/AutoCAD/tools/fixes_3009/test_supported_workflows.py", line 25, in test_calculated_schemes_produce_real_frames
    self.assertTrue(result.get("ok"), result.get("error"))
AssertionError: False is not true : Расчётная схема «vertical» не соответствует подсистеме «ortho». Выберите согласованный пресет и схему. Тип 5 (interfloor_direct) не реализован как самостоятельная геометрия.

----------------------------------------------------------------------
Ran 1 test in 0.006s

FAILED (failures=1)

test_facades_copy_handles: PASS
test_facades_workstatement: PASS
test_frame_rail_metadata: PASS
test_frame_geometry_consumer: PASS
test_zone_geometry: PASS
test_zone_geometry_adapter: PASS
test_clad_label_cleanup: PASS
CladSafetyCheck_compile: PASS
CladSafetyCheck: PASS
FrameSettingsProbe_compile: PASS
FrameSettingsProbe: PASS
Logs: /workspace/scratch/fa0520c06af6/review_work/atr_checks_final/regressions
