PASS attile_quantity_roundtrip_hatch_and_mark
PASS atclad_quantity_roundtrip_hatch_and_mark
PASS merged_zone_all_parts_current
PASS carrier_selection_deduplicated
PASS deleted_physical_piece_refused
PASS moved_physical_piece_refused
PASS changed_same_area_piece_refused
PASS moved_source_window_same_area_refused
PASS deleted_source_refused
PASS copied_carrier_metadata_retaining_old_pointers_refused
PASS layout_label_tamper_refused
PASS previous_layout_generation_refused
PASS old_layout_without_quantity_passport_refused
PASS old_zone_without_geometry_passport_refused
PASS missing_canonical_hatch_refused
PASS piece_selection_returns_explicit_whole_zone_scope
PASS selected_manual_object_explicitly_excluded
PASS old_frame_metadata_not_counted_as_cladding
PASS table_with_copied_metadata_never_candidate
PASS unselected_copied_piece_detected_by_modelspace_scan
PASS piece_stamp_tamper_refused
PASS multiple_graphics_one_physical_element
PASS deleted_auxiliary_hatch_refused
PASS layer_color_change_refused
PASS piece_changed_between_capture_and_store_refused
PASS unsupported_sample_entity_capture_refused
PASS static_block_roundtrip_and_definition_change
PASS block_attribute_change_refused
PASS block_scale_change_refused
PASS block_dynamic_property_change_refused
PASS whole_merged_group_deduplicates_shared_piece
PASS partial_merged_group_selection_refused_without_stale_rows
PASS unselected_merged_group_source_change_refused
PASS partial_independent_zone_quantities_allowed_joint_cutting_refused
PASS raw_contour_layout_roundtrip_and_same_area_move_refused
PASS foreign_database_selection_refused
PASS explicit_known_empty_run_stored_and_read_as_zero
PASS selected_known_empty_zone_of_mixed_run_is_zero
PASS null_element_list_is_missing_data_not_known_zero
Quantity store: 39/39
Quantity store: PASS report: /workspace/scratch/ba306982747c/quantities_verification/final_gates/quantities_store/manifest.json
