Facades_test_facade_zones: PASS (0.093 s)
Facades_test_facades_engine: PASS (0.122 s)
AClad_test_cladding_plan: PASS (0.036 s)
AClad_test_clad_engine: PASS (0.073 s)
AClad_test_tile_pattern: PASS (0.605 s)
AClad_audit_clad: PASS (0.184 s)
AFrame_test_frame_plan: PASS (0.273 s)
AFrame_test_frame_calc: PASS (0.027 s)
AFrame_test_frame_engine: PASS (0.056 s)
AFrame_test_frame_rules: PASS (0.071 s)
AFrame_test_frame_topology: PASS (0.069 s)
AFrame_test_frame_topology_index: PASS (3.711 s)
AFrame_test_frame_connections: PASS (0.115 s)
AFrame_test_frame_solution_selection: PASS (0.118 s)
AFrame_audit_frame: PASS (0.405 s)
xmod: PASS (0.067 s)
frame_quick: PASS (6.813 s)
zones_quick: PASS (10.359 s)
tile_quick: PASS (19.902 s)
roles_quick: PASS (3.743 s)
engine_contract: PASS (0.482 s)
facade_regressions: PASS (8.159 s)
atr_topology: PASS (0.053 s)
atr_vector5: PASS (0.774 s)
atr_architecture: PASS (0.818 s)
atr_mass: PASS (0.05 s)
static_model_gap: PASS (0.051 s)
quantities_core: PASS (0.74 s)
quantities_producer: PASS (2.287 s)
quantities_table: PASS (0.819 s)
quantities_store: PASS (2.668 s)
frame_quantities_core: PASS (0.74 s)
frame_quantities_core_perf: PASS (1.527 s)
frame_quantities_producer: PASS (3.319 s)
frame_quantities_table: PASS (0.747 s)
frame_engine_perf: PASS (0.331 s)
quantities_store_perf: PASS (13.705 s)
quantities_store_encoding: PASS (0.842 s)
manual_quantities_core: PASS (0.766 s)
manual_quantities_core_perf: PASS (4.232 s)
manual_quantities_cad: PASS (2.119 s)
manual_quantities_cad_perf: PASS (10.997 s)
manual_quantities_output: PASS (0.895 s)
catalog_tutorial_examples: PASS (0.146 s)
solution_settings_contract: PASS (5.053 s)
pilot_interface_contract: PASS (2.369 s)
limited_pilot_acceptance: PASS (1.758 s)
frame_axis_cancel: PASS (0.73 s)
table_command_lifecycle: PASS (2.158 s)
pilot_node_table_lifecycle: PASS (3.119 s)
project_parameters_core: PASS (3.387 s)
project_parameters_store: PASS (8.512 s)
project_parameters_integration: PASS (1.138 s)
node_geometry_core: PASS (1.564 s)
mounting_assessment_core: PASS (1.027 s)
node_geometry_cad: PASS (10.127 s)
catalog_connection_store: PASS (4.956 s)
catalog_clamps_manual_boundary: PASS (0.748 s)
catalog_connection_table: PASS (3.737 s)
catalog_topology_performance: PASS (57.364 s)
