PASS fresh_single_hatch_mark_engine_sidecar
PASS fresh_merged_hatch_mark_engine_sidecar
PASS hatch_lines_curve_representation_equivalent
PASS hatch_reordered_loops_and_vertices_equivalent
PASS hatch_semicircular_window_curve_supported
PASS source_window_moved_before_hatch_regeneration
PASS source_and_hatch_window_moved_same_area
PASS hatch_boundary_only_changed
PASS merged_second_source_move_detected
PASS copied_mark_metadata_cannot_borrow_original
PASS copied_hatch_metadata_cannot_borrow_original
PASS missing_sidecar_part_rejected
PASS damaged_sidecar_window_rejected
PASS sidecar_part_order_irrelevant
PASS missing_source_pointer_rejected
PASS erased_source_rejected
PASS unsupported_hatch_curve_rejected
PASS hatch_island_style_change_rejected
PASS hatch_loop_type_change_rejected
PASS nonplanar_source_rejected
PASS malformed_geometry_record_rejected
PASS report_changed_after_capture_rejected
PASS layout_raw_outer_and_hole_positive
PASS layout_raw_hole_move_rejected
PASS layout_zone_hatch_and_mark_positive
PASS layout_new_hatch_revision_invalidates_old_mark
PASS layout_new_command_key_invalidates_old_mark
PASS layout_old_mark_missing_atfzone_cannot_skip_revision
PASS layout_missing_canonical_metadata_rejected
PASS layout_tampered_canonical_metadata_rejected
Zone adapter checks: 30/30 passed; AutoCAD runtime: NOT RUN
